F.                                                                       [100%]
=================================== FAILURES ===================================
_ test_screen_does_not_grow_past_its_budget[tldw_chatbook/UI/Screens/chat_screen.py] _
Tests/Architecture/test_screen_size_ratchet.py:985: in test_screen_does_not_grow_past_its_budget
    assert lines <= max_lines, (
E   AssertionError: tldw_chatbook/UI/Screens/chat_screen.py grew to 25231 lines (budget 25218, +13).
E
E     tldw_chatbook/UI/Screens/chat_screen.py is under a one-way size ratchet (Tests/Architecture/test_screen_size_ratchet.py).
E     New Console code belongs in tldw_chatbook/UI/Console_Modules/ — see DESIGN.md section 7 for the region-vs-controller rule and the dependency-binding contract.
E     Do NOT raise the budget to make this pass. Lower it when a decomposition wave lands.
E   assert 25231 <= 25218
---------------------------- Captured stderr setup -----------------------------
2026-10-06 08:50:27.467 | DEBUG    | tldw_chatbook.Utils.optional_deps:check_dependency:642 - ✅ huggingface_hub dependency found. Feature 'huggingface_hub' is enabled.
2026-10-06 08:50:27.507 | WARNING  | tldw_chatbook.Audio.recording_service:<module>:52 - PyAudio not available. Install with: pip install pyaudio
2026-10-06 08:50:27.553 | INFO     | tldw_chatbook.Audio.recording_service:<module>:58 - Sounddevice backend available
2026-10-06 08:50:27.554 | INFO     | tldw_chatbook.Audio.recording_service:<module>:73 - WebRTC VAD available for voice activity detection
============================= slowest 25 durations =============================
1.28s call     Tests/Backup_Recovery/test_console_config_sync_lifetime.py::test_console_control_refresh_keeps_native_config_lifetime[current]

(5 durations < 1s hidden.)
=========================== short test summary info ============================
FAILED Tests/Architecture/test_screen_size_ratchet.py::test_screen_does_not_grow_past_its_budget[tldw_chatbook/UI/Screens/chat_screen.py]
1 failed, 1 passed in 1.77s
