.                                                                        [100%]
============================= slowest 25 durations =============================
1.45s setup    Tests/UI/test_mcp_workbench.py::test_workbench_mounts_rail_canvas_inspector_and_loads_local_servers

(2 durations < 1s hidden.)
1 passed in 3.68s
/Users/macbook-dev/Documents/GitHub/tldw_chatbook/.venv/lib/python3.12/site-packages/_pytest/pathlib.py:96: PytestWarning: (rm_rf) error removing /private/var/folders/sn/m80n2j152t9gw3w8qwk2nykh0000gn/T/pytest-of-macbook-dev/garbage-94be0725-33f9-4832-909f-4c4f721be04c/popen-gw0/test_fs_read_of_file_in_unread0
<class 'OSError'>: [Errno 66] Directory not empty: '/private/var/folders/sn/m80n2j152t9gw3w8qwk2nykh0000gn/T/pytest-of-macbook-dev/garbage-94be0725-33f9-4832-909f-4c4f721be04c/popen-gw0/test_fs_read_of_file_in_unread0'
  warnings.warn(
/Users/macbook-dev/Documents/GitHub/tldw_chatbook/.venv/lib/python3.12/site-packages/_pytest/pathlib.py:96: PytestWarning: (rm_rf) error removing /private/var/folders/sn/m80n2j152t9gw3w8qwk2nykh0000gn/T/pytest-of-macbook-dev/garbage-94be0725-33f9-4832-909f-4c4f721be04c/popen-gw0
<class 'OSError'>: [Errno 66] Directory not empty: '/private/var/folders/sn/m80n2j152t9gw3w8qwk2nykh0000gn/T/pytest-of-macbook-dev/garbage-94be0725-33f9-4832-909f-4c4f721be04c/popen-gw0'
  warnings.warn(
/Users/macbook-dev/Documents/GitHub/tldw_chatbook/.venv/lib/python3.12/site-packages/_pytest/pathlib.py:96: PytestWarning: (rm_rf) error removing /private/var/folders/sn/m80n2j152t9gw3w8qwk2nykh0000gn/T/pytest-of-macbook-dev/garbage-94be0725-33f9-4832-909f-4c4f721be04c
<class 'OSError'>: [Errno 66] Directory not empty: '/private/var/folders/sn/m80n2j152t9gw3w8qwk2nykh0000gn/T/pytest-of-macbook-dev/garbage-94be0725-33f9-4832-909f-4c4f721be04c'
  warnings.warn(
/Users/macbook-dev/Documents/GitHub/tldw_chatbook/.venv/lib/python3.12/site-packages/_pytest/pathlib.py:96: PytestWarning: (rm_rf) error removing /private/var/folders/sn/m80n2j152t9gw3w8qwk2nykh0000gn/T/pytest-of-macbook-dev/garbage-20f5a7a0-fb3d-498e-8ead-7e3ceef5ccc1/popen-gw4/test_fs_read_of_file_in_unread0
<class 'OSError'>: [Errno 66] Directory not empty: '/private/var/folders/sn/m80n2j152t9gw3w8qwk2nykh0000gn/T/pytest-of-macbook-dev/garbage-20f5a7a0-fb3d-498e-8ead-7e3ceef5ccc1/popen-gw4/test_fs_read_of_file_in_unread0'
  warnings.warn(
/Users/macbook-dev/Documents/GitHub/tldw_chatbook/.venv/lib/python3.12/site-packages/_pytest/pathlib.py:96: PytestWarning: (rm_rf) error removing /private/var/folders/sn/m80n2j152t9gw3w8qwk2nykh0000gn/T/pytest-of-macbook-dev/garbage-20f5a7a0-fb3d-498e-8ead-7e3ceef5ccc1/popen-gw4
<class 'OSError'>: [Errno 66] Directory not empty: '/private/var/folders/sn/m80n2j152t9gw3w8qwk2nykh0000gn/T/pytest-of-macbook-dev/garbage-20f5a7a0-fb3d-498e-8ead-7e3ceef5ccc1/popen-gw4'
  warnings.warn(
/Users/macbook-dev/Documents/GitHub/tldw_chatbook/.venv/lib/python3.12/site-packages/_pytest/pathlib.py:96: PytestWarning: (rm_rf) error removing /private/var/folders/sn/m80n2j152t9gw3w8qwk2nykh0000gn/T/pytest-of-macbook-dev/garbage-20f5a7a0-fb3d-498e-8ead-7e3ceef5ccc1
<class 'OSError'>: [Errno 66] Directory not empty: '/private/var/folders/sn/m80n2j152t9gw3w8qwk2nykh0000gn/T/pytest-of-macbook-dev/garbage-20f5a7a0-fb3d-498e-8ead-7e3ceef5ccc1'
  warnings.warn(
/Users/macbook-dev/Documents/GitHub/tldw_chatbook/.venv/lib/python3.12/site-packages/_pytest/pathlib.py:96: PytestWarning: (rm_rf) error removing /private/var/folders/sn/m80n2j152t9gw3w8qwk2nykh0000gn/T/pytest-of-macbook-dev/garbage-36317192-542c-4bff-81ce-c9cdb3d9dfe3/popen-gw3/test_fs_read_of_file_in_unread0
<class 'OSError'>: [Errno 66] Directory not empty: '/private/var/folders/sn/m80n2j152t9gw3w8qwk2nykh0000gn/T/pytest-of-macbook-dev/garbage-36317192-542c-4bff-81ce-c9cdb3d9dfe3/popen-gw3/test_fs_read_of_file_in_unread0'
  warnings.warn(
/Users/macbook-dev/Documents/GitHub/tldw_chatbook/.venv/lib/python3.12/site-packages/_pytest/pathlib.py:96: PytestWarning: (rm_rf) error removing /private/var/folders/sn/m80n2j152t9gw3w8qwk2nykh0000gn/T/pytest-of-macbook-dev/garbage-36317192-542c-4bff-81ce-c9cdb3d9dfe3/popen-gw3
<class 'OSError'>: [Errno 66] Directory not empty: '/private/var/folders/sn/m80n2j152t9gw3w8qwk2nykh0000gn/T/pytest-of-macbook-dev/garbage-36317192-542c-4bff-81ce-c9cdb3d9dfe3/popen-gw3'
  warnings.warn(
/Users/macbook-dev/Documents/GitHub/tldw_chatbook/.venv/lib/python3.12/site-packages/_pytest/pathlib.py:96: PytestWarning: (rm_rf) error removing /private/var/folders/sn/m80n2j152t9gw3w8qwk2nykh0000gn/T/pytest-of-macbook-dev/garbage-36317192-542c-4bff-81ce-c9cdb3d9dfe3
<class 'OSError'>: [Errno 66] Directory not empty: '/private/var/folders/sn/m80n2j152t9gw3w8qwk2nykh0000gn/T/pytest-of-macbook-dev/garbage-36317192-542c-4bff-81ce-c9cdb3d9dfe3'
  warnings.warn(
/Users/macbook-dev/Documents/GitHub/tldw_chatbook/.venv/lib/python3.12/site-packages/_pytest/pathlib.py:96: PytestWarning: (rm_rf) error removing /private/var/folders/sn/m80n2j152t9gw3w8qwk2nykh0000gn/T/pytest-of-macbook-dev/garbage-62808bc4-a05b-4f4a-817b-63dd044b3bcc/popen-gw5/test_fs_read_of_file_in_unread0
<class 'OSError'>: [Errno 66] Directory not empty: '/private/var/folders/sn/m80n2j152t9gw3w8qwk2nykh0000gn/T/pytest-of-macbook-dev/garbage-62808bc4-a05b-4f4a-817b-63dd044b3bcc/popen-gw5/test_fs_read_of_file_in_unread0'
  warnings.warn(
/Users/macbook-dev/Documents/GitHub/tldw_chatbook/.venv/lib/python3.12/site-packages/_pytest/pathlib.py:96: PytestWarning: (rm_rf) error removing /private/var/folders/sn/m80n2j152t9gw3w8qwk2nykh0000gn/T/pytest-of-macbook-dev/garbage-62808bc4-a05b-4f4a-817b-63dd044b3bcc/popen-gw5
<class 'OSError'>: [Errno 66] Directory not empty: '/private/var/folders/sn/m80n2j152t9gw3w8qwk2nykh0000gn/T/pytest-of-macbook-dev/garbage-62808bc4-a05b-4f4a-817b-63dd044b3bcc/popen-gw5'
  warnings.warn(
/Users/macbook-dev/Documents/GitHub/tldw_chatbook/.venv/lib/python3.12/site-packages/_pytest/pathlib.py:96: PytestWarning: (rm_rf) error removing /private/var/folders/sn/m80n2j152t9gw3w8qwk2nykh0000gn/T/pytest-of-macbook-dev/garbage-62808bc4-a05b-4f4a-817b-63dd044b3bcc
<class 'OSError'>: [Errno 66] Directory not empty: '/private/var/folders/sn/m80n2j152t9gw3w8qwk2nykh0000gn/T/pytest-of-macbook-dev/garbage-62808bc4-a05b-4f4a-817b-63dd044b3bcc'
  warnings.warn(
/Users/macbook-dev/Documents/GitHub/tldw_chatbook/.venv/lib/python3.12/site-packages/_pytest/pathlib.py:96: PytestWarning: (rm_rf) error removing /private/var/folders/sn/m80n2j152t9gw3w8qwk2nykh0000gn/T/pytest-of-macbook-dev/garbage-f1d7ad32-9929-4158-bace-bd8b64f11529/popen-gw0/test_fs_read_of_file_in_unread0
<class 'OSError'>: [Errno 66] Directory not empty: '/private/var/folders/sn/m80n2j152t9gw3w8qwk2nykh0000gn/T/pytest-of-macbook-dev/garbage-f1d7ad32-9929-4158-bace-bd8b64f11529/popen-gw0/test_fs_read_of_file_in_unread0'
  warnings.warn(
/Users/macbook-dev/Documents/GitHub/tldw_chatbook/.venv/lib/python3.12/site-packages/_pytest/pathlib.py:96: PytestWarning: (rm_rf) error removing /private/var/folders/sn/m80n2j152t9gw3w8qwk2nykh0000gn/T/pytest-of-macbook-dev/garbage-f1d7ad32-9929-4158-bace-bd8b64f11529/popen-gw0
<class 'OSError'>: [Errno 66] Directory not empty: '/private/var/folders/sn/m80n2j152t9gw3w8qwk2nykh0000gn/T/pytest-of-macbook-dev/garbage-f1d7ad32-9929-4158-bace-bd8b64f11529/popen-gw0'
  warnings.warn(
/Users/macbook-dev/Documents/GitHub/tldw_chatbook/.venv/lib/python3.12/site-packages/_pytest/pathlib.py:96: PytestWarning: (rm_rf) error removing /private/var/folders/sn/m80n2j152t9gw3w8qwk2nykh0000gn/T/pytest-of-macbook-dev/garbage-f1d7ad32-9929-4158-bace-bd8b64f11529
<class 'OSError'>: [Errno 66] Directory not empty: '/private/var/folders/sn/m80n2j152t9gw3w8qwk2nykh0000gn/T/pytest-of-macbook-dev/garbage-f1d7ad32-9929-4158-bace-bd8b64f11529'
  warnings.warn(
/Users/macbook-dev/Documents/GitHub/tldw_chatbook/.venv/lib/python3.12/site-packages/_pytest/pathlib.py:96: PytestWarning: (rm_rf) error removing /private/var/folders/sn/m80n2j152t9gw3w8qwk2nykh0000gn/T/pytest-of-macbook-dev/garbage-da3cccd5-2be1-48cd-a34f-5b450a1d8e11/popen-gw1/test_fs_read_of_file_in_unread0
<class 'OSError'>: [Errno 66] Directory not empty: '/private/var/folders/sn/m80n2j152t9gw3w8qwk2nykh0000gn/T/pytest-of-macbook-dev/garbage-da3cccd5-2be1-48cd-a34f-5b450a1d8e11/popen-gw1/test_fs_read_of_file_in_unread0'
  warnings.warn(
/Users/macbook-dev/Documents/GitHub/tldw_chatbook/.venv/lib/python3.12/site-packages/_pytest/pathlib.py:96: PytestWarning: (rm_rf) error removing /private/var/folders/sn/m80n2j152t9gw3w8qwk2nykh0000gn/T/pytest-of-macbook-dev/garbage-da3cccd5-2be1-48cd-a34f-5b450a1d8e11/popen-gw1
<class 'OSError'>: [Errno 66] Directory not empty: '/private/var/folders/sn/m80n2j152t9gw3w8qwk2nykh0000gn/T/pytest-of-macbook-dev/garbage-da3cccd5-2be1-48cd-a34f-5b450a1d8e11/popen-gw1'
  warnings.warn(
/Users/macbook-dev/Documents/GitHub/tldw_chatbook/.venv/lib/python3.12/site-packages/_pytest/pathlib.py:96: PytestWarning: (rm_rf) error removing /private/var/folders/sn/m80n2j152t9gw3w8qwk2nykh0000gn/T/pytest-of-macbook-dev/garbage-da3cccd5-2be1-48cd-a34f-5b450a1d8e11
<class 'OSError'>: [Errno 66] Directory not empty: '/private/var/folders/sn/m80n2j152t9gw3w8qwk2nykh0000gn/T/pytest-of-macbook-dev/garbage-da3cccd5-2be1-48cd-a34f-5b450a1d8e11'
  warnings.warn(
/Users/macbook-dev/Documents/GitHub/tldw_chatbook/.venv/lib/python3.12/site-packages/_pytest/pathlib.py:96: PytestWarning: (rm_rf) error removing /private/var/folders/sn/m80n2j152t9gw3w8qwk2nykh0000gn/T/pytest-of-macbook-dev/garbage-e65beb67-6a1c-4185-aa46-fccd71709c40/popen-gw1/test_fs_read_of_file_in_unread0
<class 'OSError'>: [Errno 66] Directory not empty: '/private/var/folders/sn/m80n2j152t9gw3w8qwk2nykh0000gn/T/pytest-of-macbook-dev/garbage-e65beb67-6a1c-4185-aa46-fccd71709c40/popen-gw1/test_fs_read_of_file_in_unread0'
  warnings.warn(
/Users/macbook-dev/Documents/GitHub/tldw_chatbook/.venv/lib/python3.12/site-packages/_pytest/pathlib.py:96: PytestWarning: (rm_rf) error removing /private/var/folders/sn/m80n2j152t9gw3w8qwk2nykh0000gn/T/pytest-of-macbook-dev/garbage-e65beb67-6a1c-4185-aa46-fccd71709c40/popen-gw1
<class 'OSError'>: [Errno 66] Directory not empty: '/private/var/folders/sn/m80n2j152t9gw3w8qwk2nykh0000gn/T/pytest-of-macbook-dev/garbage-e65beb67-6a1c-4185-aa46-fccd71709c40/popen-gw1'
  warnings.warn(
/Users/macbook-dev/Documents/GitHub/tldw_chatbook/.venv/lib/python3.12/site-packages/_pytest/pathlib.py:96: PytestWarning: (rm_rf) error removing /private/var/folders/sn/m80n2j152t9gw3w8qwk2nykh0000gn/T/pytest-of-macbook-dev/garbage-e65beb67-6a1c-4185-aa46-fccd71709c40
<class 'OSError'>: [Errno 66] Directory not empty: '/private/var/folders/sn/m80n2j152t9gw3w8qwk2nykh0000gn/T/pytest-of-macbook-dev/garbage-e65beb67-6a1c-4185-aa46-fccd71709c40'
  warnings.warn(
/Users/macbook-dev/Documents/GitHub/tldw_chatbook/.venv/lib/python3.12/site-packages/_pytest/pathlib.py:96: PytestWarning: (rm_rf) error removing /private/var/folders/sn/m80n2j152t9gw3w8qwk2nykh0000gn/T/pytest-of-macbook-dev/garbage-a9102198-0a51-481c-ab17-04945edb03d9/popen-gw0/test_fs_read_of_file_in_unread0
<class 'OSError'>: [Errno 66] Directory not empty: '/private/var/folders/sn/m80n2j152t9gw3w8qwk2nykh0000gn/T/pytest-of-macbook-dev/garbage-a9102198-0a51-481c-ab17-04945edb03d9/popen-gw0/test_fs_read_of_file_in_unread0'
  warnings.warn(
/Users/macbook-dev/Documents/GitHub/tldw_chatbook/.venv/lib/python3.12/site-packages/_pytest/pathlib.py:96: PytestWarning: (rm_rf) error removing /private/var/folders/sn/m80n2j152t9gw3w8qwk2nykh0000gn/T/pytest-of-macbook-dev/garbage-a9102198-0a51-481c-ab17-04945edb03d9/popen-gw0
<class 'OSError'>: [Errno 66] Directory not empty: '/private/var/folders/sn/m80n2j152t9gw3w8qwk2nykh0000gn/T/pytest-of-macbook-dev/garbage-a9102198-0a51-481c-ab17-04945edb03d9/popen-gw0'
  warnings.warn(
/Users/macbook-dev/Documents/GitHub/tldw_chatbook/.venv/lib/python3.12/site-packages/_pytest/pathlib.py:96: PytestWarning: (rm_rf) error removing /private/var/folders/sn/m80n2j152t9gw3w8qwk2nykh0000gn/T/pytest-of-macbook-dev/garbage-a9102198-0a51-481c-ab17-04945edb03d9
<class 'OSError'>: [Errno 66] Directory not empty: '/private/var/folders/sn/m80n2j152t9gw3w8qwk2nykh0000gn/T/pytest-of-macbook-dev/garbage-a9102198-0a51-481c-ab17-04945edb03d9'
  warnings.warn(
/Users/macbook-dev/Documents/GitHub/tldw_chatbook/.venv/lib/python3.12/site-packages/_pytest/pathlib.py:96: PytestWarning: (rm_rf) error removing /private/var/folders/sn/m80n2j152t9gw3w8qwk2nykh0000gn/T/pytest-of-macbook-dev/garbage-d1bf0298-0f44-45a1-99cd-48075064bc9f/popen-gw2/test_fs_read_of_file_in_unread0
<class 'OSError'>: [Errno 66] Directory not empty: '/private/var/folders/sn/m80n2j152t9gw3w8qwk2nykh0000gn/T/pytest-of-macbook-dev/garbage-d1bf0298-0f44-45a1-99cd-48075064bc9f/popen-gw2/test_fs_read_of_file_in_unread0'
  warnings.warn(
/Users/macbook-dev/Documents/GitHub/tldw_chatbook/.venv/lib/python3.12/site-packages/_pytest/pathlib.py:96: PytestWarning: (rm_rf) error removing /private/var/folders/sn/m80n2j152t9gw3w8qwk2nykh0000gn/T/pytest-of-macbook-dev/garbage-d1bf0298-0f44-45a1-99cd-48075064bc9f/popen-gw2
<class 'OSError'>: [Errno 66] Directory not empty: '/private/var/folders/sn/m80n2j152t9gw3w8qwk2nykh0000gn/T/pytest-of-macbook-dev/garbage-d1bf0298-0f44-45a1-99cd-48075064bc9f/popen-gw2'
  warnings.warn(
/Users/macbook-dev/Documents/GitHub/tldw_chatbook/.venv/lib/python3.12/site-packages/_pytest/pathlib.py:96: PytestWarning: (rm_rf) error removing /private/var/folders/sn/m80n2j152t9gw3w8qwk2nykh0000gn/T/pytest-of-macbook-dev/garbage-d1bf0298-0f44-45a1-99cd-48075064bc9f
<class 'OSError'>: [Errno 66] Directory not empty: '/private/var/folders/sn/m80n2j152t9gw3w8qwk2nykh0000gn/T/pytest-of-macbook-dev/garbage-d1bf0298-0f44-45a1-99cd-48075064bc9f'
  warnings.warn(
