.                                                                        [100%]
============================= slowest 25 durations =============================
13.47s call     Tests/UI/test_console_mcp_approval.py::test_finishing_card_is_not_counted_and_keyboard_focuses_the_card

(2 durations < 1s hidden.)
1 passed in 16.22s
.                                                                        [100%]
============================= slowest 25 durations =============================
15.44s call     Tests/UI/test_console_mcp_approval.py::test_alt_a_focuses_the_pending_approval_decision_select

(2 durations < 1s hidden.)
1 passed in 18.28s
.                                                                        [100%]
============================= slowest 25 durations =============================
13.38s call     Tests/UI/test_console_mcp_approval.py::test_alt_a_notifies_when_nothing_is_pending

(2 durations < 1s hidden.)
1 passed in 16.36s
.                                                                        [100%]
============================= slowest 25 durations =============================
13.43s call     Tests/UI/test_console_mcp_approval.py::test_alt_a_reaches_the_card_at_80_columns_with_inspector_closed

(2 durations < 1s hidden.)
1 passed in 15.69s
.                                                                        [100%]
============================= slowest 25 durations =============================
13.21s call     Tests/UI/test_console_mcp_approval.py::test_single_row_fast_buttons_have_nonzero_geometry_and_do_not_overlap_under_bundled_css

(2 durations < 1s hidden.)
1 passed in 15.72s
