preflight: using /Users/macbook-dev/Documents/GitHub/tldw_chatbook/.venv/bin/python (3.12.11)

=== generated stylesheets ===
CSS bundle reproduces from its source modules.
widget_defaults_self.tcss reproduces from its Python sources.
widget_defaults_scoped.tcss reproduces from its Python sources.
screen_css_self.tcss reproduces from its Python sources.
screen_css_scoped.tcss reproduces from its Python sources.
screen_agentic_library.tcss reproduces from its Python sources.
screen_agentic_settings.tcss reproduces from its Python sources.
screen_feature_evals.tcss reproduces from its Python sources.
screen_feature_scheduling.tcss reproduces from its Python sources.
screen_feature_workflows.tcss reproduces from its Python sources.
screen_modal_console_delete_receipt.tcss reproduces from its Python sources.
screen_feature_watchlists.tcss reproduces from its Python sources.

=== Canvas Mermaid generated assets ===
Canvas Mermaid assets reproduce: 6 outputs (4 derived from pinned inputs, 2 vendored digests verified)

=== profile-owned path census ===
profile-owned path census verified: 54 executable occurrence(s) across 22 file(s), all matched by 51 approved exceptions.

=== production diagnostic inventory ===
diagnostic inventory verified: 655 owners, 1443 TASK-492 calls, 56 TASK-31551 calls, 7625 TASK-494 calls, 16 sink files

=== backlog task ids ===
No duplicate task IDs across 5022 task files in backlog/tasks, backlog/archive/tasks (filenames + frontmatter); all task paths are Windows-compatible.

=== readable backlog task files ===
All 5022 task files in backlog/tasks, backlog/archive/tasks are readable (frontmatter + owned-section markers).

=== chachanotes table allowlist ===
chachanotes: 117 declared tables, all present in VALID_TABLES['chachanotes'].

=== index plan pins ===
index plan pins: 305 index names declared under tldw_chatbook/DB, 305 census rows, 92 plan-pinned.
check_index_plan_pins: OK

=== textual worker contract ===
textual worker contract: no synchronous run_worker targets; 324 post-await DOM lookup(s) in 151 function(s), none new; 70 wait-for-dismiss push(es) reachable from 27 non-worker entry point(s), none new.

=== timestamp writers ===
timestamp writers: 0 datetime.utcnow() site(s), 0 naive_now_iso, 99 offset_now_iso, 18 strftime_iso occurrence(s) (117 pinned).
check_timestamp_writers: OK

=== gated Tests/UI census ===
OK: 151 Tests/UI files in the PR gate (floor 150); every listed path exists.

preflight: all derived-artifact checks passed.
