 1:  4cde6d9704 =  1:  48e56d149d docs: plan dev integration for Console chat starts PR
 2:  2734ae74e9 =  2:  d553c5d4b3 Integrate Console bounded chat starts with current dev owners
 3:  912092f7e2 =  3:  e945d38198 Retire unshipped predecessor chat-start migration names
 4:  1f9b8e1411 =  4:  2d53a9042b docs: record current-dev compatibility requirements and verification scope
 5:  94fed24a20 =  5:  7116ee79de Reject mixed native replay and preserve child chat drafts
 6:  c6d41eb201 =  6:  f78457d123 docs: reconcile Console chat task identities and qualification scope
 7:  96462d2b2d =  7:  16c31926a9 fix(console): cancel idle spend refresh under turn custody
 8:  7b66e52b76 =  8:  9fc31f10f2 fix(console): preserve child approval and consume mounted handoffs
 9:  f6bdd93f97 =  9:  c98b8179ae docs(console): preserve qualification and draft review blockers
10:  26d47e74da = 10:  eb27865e44 docs(console): verify artifact integrity and publication payload
11:  312a04033e = 11:  d4b141e7e3 docs(console): record attached draft PR and remaining gate
12:  ffe3f8c795 = 12:  d70bc5a2bc fix(console): preserve accepted handoffs through composer navigation
13:  467614776b = 13:  1d69920f31 docs(console): record authorized PR review and merge follow-up
14:  758f90d64f = 14:  a0f9cf5908 fix(console): preserve grants when close tickets are refused
15:  4c83d6eb11 = 15:  2ab3455188 docs(console): retain PR rebase and review repair evidence
16:  9b27182797 = 16:  10dd73bab1 docs(console): qualify latest dev and retain complete review logs
17:  e5253a4b07 = 17:  8003fa309e fix(console): validate chat creation and preserve handoff labels
18:  71eae78d83 = 18:  778c2ddd8d fix(console): settle uncertain chat starts and retain commit ownership
19:  0cbc017683 = 19:  31895da4d9 fix(ledger): fence recovery cleanup to committed restriction entries
20:  1e52b8c7c2 = 20:  fa08381ce8 test(console): claim manual screen startup before mounting
21:  fccb006152 = 21:  c1b41d1424 docs(console): retain Qodo and ownership repair evidence before dev integration
22:  602d83dcf6 = 22:  e9b5e36a47 fix(console): retain integration diagnostics and private provider tests
23:  909c4dae79 = 23:  f5791d4e83 fix(console): fence public fork mutations and drain name persistence
24:  b2ac31558b = 24:  3716316140 docs(console): allocate ADR219 for bounded chat starts
25:  382b0a8ff6 = 25:  06db628159 docs: checkpoint console integration and ADR219 references
26:  c62cdc8c59 = 26:  249246b692 test(console): own startup before navigation continuity mount
27:  e8dc6b0eaa = 27:  34a1c87008 docs: record navigation ownership proof and reader integration scope
28:  e5ca738538 = 28:  1896348b28 test(library): qualify reader fixtures and preserve size guards
29:  2c03bf3946 = 29:  e2778b7a1d test(console): detect setattr publication in fork census
30:  5794d6d5de = 30:  43a546f032 docs: scope current-dev schema integration for console PR
31:  d2fc11e3a7 = 31:  9dda232eb5 docs: retain exact legacy receipt schemas during latest-dev rebase
32:  814fbd7905 = 32:  0b51c8bc84 fix(db): preserve native receipt archives across schema 77 integration
33:  f9b3e249c7 = 33:  1a01965d65 docs: checkpoint schema qualification and next dev integration scope
34:  9bc19f737b = 34:  7eec9e5e9c test(console): isolate the settings return profile after dev integration
35:  1b27e10bc0 = 35:  982902a258 docs: scope inherited Console adoption and ownership baseline repairs
36:  1b621dec37 = 36:  7a03226ec4 fix(console): honor verified provider adoption and canonical rebase
37:  ac8a0ed069 = 37:  5a854ba0e4 refactor(console): move verified adoption into Session owner
38:  84db666854 = 38:  e01987b4fa refactor(console): keep hooks review UI adapter in wiring
39:  e2b264ead0 = 39:  3238e7e6c5 chore(console): reconcile reviewed diagnostic owner moves
40:  0a4ee5c614 = 40:  7d1a0cdfa3 docs(tests): clarify verified adoption configuration contract
41:  3d730beb79 = 41:  a1677ce5df docs(console): checkpoint provider adoption qualification and final dev scope
42:  f99c488b4b = 42:  3dda77c5f3 docs: scope latest dev Console Close integration
43:  649867cd74 = 43:  0fa2e8ffcb fix(console): preserve prepared drafts across source Close
44:  97d9e2afca = 44:  440f216251 docs: scope storage-free creation registry decisions
45:  1117c1475d = 45:  fc6ff39923 fix(console): keep creation validation reads outside registry lock
46:  e8ffa05606 = 46:  73d8f1ff33 docs: record reviewed lock fix and remaining controller cap gate
47:  1279a01bbd = 47:  77938f82d1 docs(console): select pure fork cap repair and current-dev integration
48:  efe59d71b5 = 48:  708126011c refactor(console): place pure fork projections with fork owner
49:  36e11822ba = 49:  6eb534c4b2 fix(console): order fork type-only imports
50:  b0f00d7ccf = 50:  8dbe6cca36 docs(console): close fork cap review and pin latest-dev follow-up
51:  ff358cac2f = 51:  dc03a55cc5 docs(console): scope inherited capture-cancellation admission fixture
52:  d192ba400a = 52:  e925924ff4 test(console): admit capture cancellation through private profile
53:  1cacebcbf2 = 53:  d20e66a616 docs: scope remaining inherited evidence admission fixtures
54:  5448aa955d = 54:  52a437aecb test(console): admit selected evidence recovery fixtures through private profiles
55:  b243566708 = 55:  c662c9b1e9 docs: scope latest modal lifetime integration
56:  b21d3b63aa = 56:  d683ba3441 docs: record latest dev integration evidence
57:  75b229ce6e = 57:  bd751b2123 docs: select explicit Console decision and preflight ownership
58:  9fc2d5ca52 = 58:  c939be4788 refactor(console): place decision and compaction coordination with explicit owners
59:  a807bf684f = 59:  cb3b4196ba docs: scope reproduced Console fixture admission repairs
60:  9d52fd1c26 = 60:  59c366b3b7 test: enroll bounded Console confirmation fixtures in profile admission
61:  e349aa8b77 = 61:  a0dacec080 docs: scope inherited bounded provider resolution repair
62:  2a25e71345 = 62:  6a06a1c9fd fix: bound inherited Console policy and profile provider waits
63:  b16ba647f0 = 63:  1aa7a9093c docs: scope remaining Console fixture reconstruction
64:  c55e6c5c74 = 64:  49786c63bf test(console): admit selected remaining qualification fixtures
65:  71445f8850 = 65:  7c8cb40c0f docs: scope remaining native console fixture qualification
66:  81bd2f02b8 = 66:  b11e9819da fix(console): trigger legacy approval summary on session projection
67:  b4cee0dc7a = 67:  279137943b docs: scope native video resolver observation repair
68:  fd6120bfc2 = 68:  8aaec13be4 test(console): observe native video resolution state
69:  985fd603c3 = 69:  56d5e7e9cf docs: scope latest dev console runtime integration
70:  d9f951eeb9 = 70:  137390b338 docs: link canonical character activation decision
71:  f5bf0e3a99 = 71:  1aaa363d2f docs: preserve historical QA with exact upstream append
72:  82e4df9f53 = 72:  3adf31817b docs: close reviewed console ownership qualification
73:  77bd4aee3e = 73:  8ad8f7c7cd test(console): adapt latest dev timeout policy to native interrupt host
74:  4ff320bbb7 = 74:  c23aa374e4 docs: close integration review and scope final loading
75:  b72bf396ad = 75:  d548aee4b1 docs: preserve final loading and scope newest dev send repair
76:  7f3b06a732 = 76:  7d60b16179 style(console): normalize incoming trace-row calls and bank controller headroom
77:  021a5aba2f = 77:  ca8caf18be docs: archive qualified PR2995 integration and source decisions
78:  c611b2b9cf = 78:  9b1b26e00d docs: preserve qualified source on latest dev documentation update
79:  1dde1d6525 = 79:  e18cd0be56 docs: pack immutable PR2995 qualification evidence
80:  e3d431c571 = 80:  001afab590 chore: scope current-head review and latest-dev repairs
81:  e4a97394e7 = 81:  020a108d88 test(console): supply Session consumers in reconciliation fixture
82:  01bbb3ac3d = 82:  7f69cecbe6 docs: record approved Together integration and CI fixture repair
83:  c67427a6cf = 83:  cfcc07a020 fix(console): finish bounded chat-start cleanup after registration failures
84:  ebb276ae09 = 84:  6366ba8d03 docs: scope persistent chat-start restriction failure repair
85:  b15cb1860f = 85:  d7a219068b fix(console): retain uncertain-start denial with captured store identity
86:  126dacc1e6 = 86:  f666be7d91 docs: record approved chat-start cleanup and uncertainty repair
87:  749e7540af = 87:  307816c5e5 docs: scope latest-dev roleplay and merge queue integration
88:  b084d720e9 = 88:  17d52f1659 docs: scope two proven reader-profile baseline repairs
89:  f817cbefab = 89:  e829ced927 docs: scope live typed-answer screen adapter repair
90:  81484b688a = 90:  3e1d9555db test(ui): restore canonical profiles and typed send adapter
91:  06cfe2f6a3 = 91:  6f3bfd539b docs: preserve approved PR2995 review and latest-dev evidence
92:  13d1668d4e = 92:  54a1818021 docs: scope current Qodo repairs and command integration
