2026-09-09 07:35:52.033 | WARNING  | tldw_chatbook.Utils.path_validation:validate_path_simple:466 - Path resolution changed during validation
/private/tmp/tts-macos-burndown/final-wheel-venv/lib/python3.12/site-packages/joblib/_multiprocessing_helpers.py:44: UserWarning: [Errno 28] No space left on device.  joblib will operate in serial mode
  warnings.warn("%s.  joblib will operate in serial mode" % (e,))
[32m07:35:56[0m | [36m          config:1841[0m | [1m    INFO[0m | [1mDetermined ACTUAL_PROJECT_ROOT for general paths: /private/tmp/tts-macos-burndown/final-wheel-venv/lib/python3.12/site-packages/tldw_chatbook[0m
[32m07:35:56[0m | [36m          config:1844[0m | [1m    INFO[0m | [1mDetermined APP_COMPONENT_ROOT for config files: /private/tmp/tts-macos-burndown/final-wheel-venv/lib/python3.12/site-packages/tldw_chatbook[0m
[32m07:35:56[0m | [36m          config:6027[0m | [1m    INFO[0m | [1mAttempting to load CLI config from: /private/tmp/tts-macos-burndown/qodo-clean-installed-wheel/pytorch-mps-wav-en-us/profile/config.toml[0m
[32m07:35:56[0m | [36m          config:6043[0m | [1m    INFO[0m | [1mSuccessfully loaded and merged CLI config from /private/tmp/tts-macos-burndown/qodo-clean-installed-wheel/pytorch-mps-wav-en-us/profile/config.toml[0m
[32m07:35:56[0m | [36m           higgs:41[0m | [33m[1m WARNING[0m | [33m[1mtorchaudio not available. Voice cloning features will be limited.[0m
[32m07:35:56[0m | [36m           higgs:50[0m | [33m[1m WARNING[0m | [33m[1mlibrosa not available. Advanced audio analysis features will be limited.[0m
[32m07:35:56[0m | [36m    TTS_Backends:155[0m | [1m    INFO[0m | [1mTTSBackendManager: Creating backend for ID: local_kokoro_default_pytorch[0m
[32m07:35:56[0m | [36m          kokoro:1727[0m | [1m    INFO[0m | [1mSaved 1 voice blends[0m
[32m07:35:56[0m | [36m          kokoro:1840[0m | [1m    INFO[0m | [1mSaved voice blend 'professional_female' with 2 voices[0m
[32m07:35:56[0m | [36m          kokoro:1727[0m | [1m    INFO[0m | [1mSaved 2 voice blends[0m
[32m07:35:56[0m | [36m          kokoro:1840[0m | [1m    INFO[0m | [1mSaved voice blend 'professional_male' with 2 voices[0m
[32m07:35:56[0m | [36m          kokoro:1727[0m | [1m    INFO[0m | [1mSaved 3 voice blends[0m
[32m07:35:56[0m | [36m          kokoro:1840[0m | [1m    INFO[0m | [1mSaved voice blend 'warm_storyteller' with 2 voices[0m
[32m07:35:56[0m | [36m          kokoro:1727[0m | [1m    INFO[0m | [1mSaved 4 voice blends[0m
[32m07:35:56[0m | [36m          kokoro:1840[0m | [1m    INFO[0m | [1mSaved voice blend 'dynamic_narrator' with 3 voices[0m
[32m07:35:56[0m | [36m          kokoro:1727[0m | [1m    INFO[0m | [1mSaved 5 voice blends[0m
[32m07:35:56[0m | [36m          kokoro:1840[0m | [1m    INFO[0m | [1mSaved voice blend 'english_blend' with 3 voices[0m
[32m07:35:56[0m | [36m          kokoro:1727[0m | [1m    INFO[0m | [1mSaved 6 voice blends[0m
[32m07:35:56[0m | [36m          kokoro:1840[0m | [1m    INFO[0m | [1mSaved voice blend 'male_chorus' with 4 voices[0m
[32m07:35:56[0m | [36m          kokoro:1727[0m | [1m    INFO[0m | [1mSaved 7 voice blends[0m
[32m07:35:56[0m | [36m          kokoro:1840[0m | [1m    INFO[0m | [1mSaved voice blend 'soft_whisper' with 2 voices[0m
[32m07:35:56[0m | [36m          kokoro:1727[0m | [1m    INFO[0m | [1mSaved 8 voice blends[0m
[32m07:35:56[0m | [36m          kokoro:1840[0m | [1m    INFO[0m | [1mSaved voice blend 'energetic' with 2 voices[0m
[32m07:35:56[0m | [36m          kokoro:1790[0m | [1m    INFO[0m | [1mCreated 8 default voice blends[0m
[32m07:35:56[0m | [36m    TTS_Backends:179[0m | [1m    INFO[0m | [1mTTSBackendManager: Initializing backend: local_kokoro_default_pytorch[0m
[32m07:35:56[0m | [36m          kokoro:369[0m | [1m    INFO[0m | [1mKokoroTTSBackend: Initializing (ONNX: False, Device: mps)[0m
/private/tmp/tts-macos-burndown/final-wheel-venv/lib/python3.12/site-packages/torch/nn/modules/rnn.py:1011: UserWarning: dropout option adds dropout after all but last recurrent layer, so non-zero dropout expects num_layers greater than 1, but got dropout=0.2 and num_layers=1
  super().__init__("LSTM", *args, **kwargs)
/private/tmp/tts-macos-burndown/final-wheel-venv/lib/python3.12/site-packages/torch/nn/utils/weight_norm.py:145: FutureWarning: `torch.nn.utils.weight_norm` is deprecated in favor of `torch.nn.utils.parametrizations.weight_norm`.
  WeightNorm.apply(module, name, dim)
[32m07:35:57[0m | [36m          kokoro:1189[0m | [1m    INFO[0m | [1mLoaded Kokoro PyTorch model from /private/tmp/tts-runtime-recovery-validation/kokoro-model/kokoro-v1_0.pth[0m
[32m07:35:57[0m | [36m          kokoro:643[0m | [1m    INFO[0m | [1mKokoroTTSBackend: PyTorch backend initialized (model loading deferred)[0m
/private/tmp/tts-macos-burndown/final-wheel-venv/lib/python3.12/site-packages/torch/jit/_script.py:1491: FutureWarning: `torch.jit.script` is deprecated. Please switch to `torch.compile` or `torch.export`.
  warnings.warn(
[32m07:35:58[0m | [36m          kokoro:1450[0m | [1m    INFO[0m | [1mKokoroTTSBackend PyTorch: Generated 8.97s of audio in 1.47s (6.1x realtime, first chunk: 1.467s)[0m
[32m07:35:58[0m | [36m     stts_events:1188[0m | [33m[1m WARNING[0m | [33m[1mPlayground result is not profile-save eligible (provider=kokoro).[0m
[32m07:35:58[0m | [36mspeech_playback_mixin:819[0m | [1m    INFO[0m | [1mAudio player initialized on first use[0m
[32m07:35:59[0m | [36mspeech_playback_mixin:751[0m | [1m    INFO[0m | [1mAttempting to play audio file: /var/folders/sn/m80n2j152t9gw3w8qwk2nykh0000gn/T/stts_playground__jui42sr.wav[0m
[32m07:35:59[0m | [36m    audio_player:249[0m | [1m    INFO[0m | [1mStarted playback of stts_playground__jui42sr.wav using afplay[0m
[32m07:36:09[0m | [36m          kokoro:1450[0m | [1m    INFO[0m | [1mKokoroTTSBackend PyTorch: Generated 8.97s of audio in 0.25s (35.4x realtime, first chunk: 0.253s)[0m
[32m07:36:18[0m | [36m             app:14265[0m | [1m    INFO[0m | [1mTTS complete for message c9a82b18-41e3-4485-85ae-d1f49ca5a710[0m
[32m07:36:18[0m | [36m      tts_events:3443[0m | [1m    INFO[0m | [1mTTS playback action: stop for message 9bea0de5-ada0-44c8-af97-123455513615[0m
[32m07:36:19[0m | [36m      tts_events:1699[0m | [1m    INFO[0m | [1mTTS generation cancelled[0m
[32m07:36:19[0m | [36m      tts_events:3799[0m | [1m    INFO[0m | [1mStopped playback for message 9bea0de5-ada0-44c8-af97-123455513615[0m
[32m07:36:19[0m | [36m          kokoro:1450[0m | [1m    INFO[0m | [1mKokoroTTSBackend PyTorch: Generated 8.97s of audio in 0.20s (44.3x realtime, first chunk: 0.202s)[0m
[32m07:36:28[0m | [36m             app:14265[0m | [1m    INFO[0m | [1mTTS complete for message 5a0eb668-ccb4-4f53-93aa-0cd8b2aa6d2c[0m
[32m07:36:28[0m | [36m    audio_player:454[0m | [1m    INFO[0m | [1mPlayback stopped/cleaned up - all state reset[0m
[32m07:36:28[0m | [36m    TTS_Backends:351[0m | [1m    INFO[0m | [1mTTSBackendManager: Closing all backends.[0m
[32m07:36:28[0m | [36m    TTS_Backends:354[0m | [1m    INFO[0m | [1mClosing backend: local_kokoro_default_pytorch[0m
[32m07:36:28[0m | [36m          kokoro:1985[0m | [1m    INFO[0m | [1mKokoroTTSBackend: Final performance stats - Avg: 29.6 tokens/s, Total: 3 generations in 1.9s[0m
PHASE speech-lab
PHASE console-warmup
PHASE console-cancel
PHASE console-successor
