........................................................................ [ 51%]
....................................................................     [100%]
============================= slowest 25 durations =============================
2.60s call     Tests/Chat/test_console_chat_start.py::test_saved_launch_status_projects_to_native_and_persisted_rows
2.13s call     Tests/Chat/test_console_chat_start.py::test_native_start_child_and_wake_share_original_allowance[deadline]
2.02s call     Tests/Chat/test_console_chat_start.py::test_native_start_child_and_wake_share_original_allowance[generation]
1.96s call     Tests/Chat/test_console_chat_start.py::test_stop_keeps_native_claim_until_generic_provider_adapter_exits
1.45s call     Tests/Chat/test_console_chat_start.py::test_native_start_uses_both_receipts_and_literal_machine_request[hello]
1.43s call     Tests/Chat/test_console_chat_start.py::test_manual_recovery_clears_handoff_attention_but_retains_launch_history[not_started-Not started-runtime_disabled-0]
1.40s call     Tests/Chat/test_console_chat_start.py::test_destination_availability_is_rechecked_before_native_acceptance[readiness-unchanged]
1.38s call     Tests/Chat/test_console_chat_start.py::test_manual_recovery_clears_handoff_attention_but_retains_launch_history[review_required-Review required-settlement_unconfirmed-1]
1.38s call     Tests/Chat/test_console_chat_start.py::test_destination_availability_is_rechecked_before_native_acceptance[before_start-unchanged]
1.35s call     Tests/Chat/test_console_chat_start.py::test_stop_keeps_native_claim_until_actual_bridge_worker_exits
1.21s call     Tests/Chat/test_console_chat_start.py::test_manual_send_withdraws_prepared_start_before_busy_gate
1.21s call     Tests/Chat/test_console_chat_start.py::test_runtime_update_during_readiness_rechecks_native_acceptance[True]
1.16s call     Tests/Chat/test_console_chat_start.py::test_native_start_uses_both_receipts_and_literal_machine_request[/help]
1.13s call     Tests/Chat/test_console_chat_start.py::test_native_start_uses_both_receipts_and_literal_machine_request[@file]
1.12s call     Tests/Chat/test_console_chat_start.py::test_destination_availability_is_rechecked_before_native_acceptance[readiness-removed]
1.10s call     Tests/Chat/test_console_chat_start.py::test_destination_availability_is_rechecked_before_native_acceptance[readiness-archived]
1.07s call     Tests/Chat/test_console_chat_start.py::test_ledger_cutoff_retains_charge_and_requires_conversation_receipt[source_stop]
1.06s call     Tests/Chat/test_console_chat_start.py::test_live_machine_retry_starts_manual_work_without_reassigning_old_allowance
1.03s call     Tests/Chat/test_console_chat_start.py::test_stop_during_started_status_write_does_not_dispatch_provider
1.03s call     Tests/Chat/test_console_chat_start.py::test_unconfirmed_preaccept_settlement_requires_review[raise]

(5 durations < 1s hidden.)
140 passed in 80.11s (0:01:20)
