........................................................................ [ 44%]
........................................................................ [ 88%]
...................                                                      [100%]
============================= slowest 25 durations =============================
3.96s call     Tests/Chat/test_console_chat_start.py::test_native_start_uses_both_receipts_and_literal_machine_request[hello]
3.72s call     Tests/Chat/test_console_chat_start.py::test_native_start_uses_both_receipts_and_literal_machine_request[/help]
2.88s call     Tests/Chat/test_console_chat_start.py::test_saved_launch_status_projects_to_native_and_persisted_rows
2.84s call     Tests/Chat/test_console_chat_start.py::test_native_start_child_and_wake_share_original_allowance[deadline]
2.83s call     Tests/Chat/test_console_chat_start.py::test_native_start_child_and_wake_share_original_allowance[generation]
2.61s call     Tests/Chat/test_console_chat_start.py::test_stop_keeps_native_claim_until_generic_provider_adapter_exits
2.49s call     Tests/Chat/test_console_chat_start.py::test_manual_recovery_clears_handoff_attention_but_retains_launch_history[review_required-Review required-settlement_unconfirmed-1]
2.33s call     Tests/Chat/test_console_chat_start.py::test_manual_send_withdraws_prepared_start_before_busy_gate
2.29s call     Tests/Chat/test_console_chat_start.py::test_stop_keeps_native_claim_until_actual_bridge_worker_exits
2.13s call     Tests/Chat/test_console_chat_start.py::test_ledger_cutoff_retains_charge_and_requires_conversation_receipt[source_stop]
2.11s call     Tests/Chat/test_console_chat_start.py::test_unconfirmed_preaccept_settlement_requires_review[false]
1.97s call     Tests/Chat/test_console_chat_start.py::test_live_machine_retry_starts_manual_work_without_reassigning_old_allowance
1.94s call     Tests/Chat/test_console_chat_start.py::test_manual_recovery_clears_handoff_attention_but_retains_launch_history[not_started-Not started-runtime_disabled-0]
1.88s call     Tests/Chat/test_console_chat_start.py::test_before_cutoff_withdrawal_preserves_latest_draft_and_refunds[source_stop]
1.87s call     Tests/Chat/test_console_chat_start.py::test_native_start_uses_both_receipts_and_literal_machine_request[@file]
1.84s call     Tests/Chat/test_console_chat_start.py::test_initial_preparation_keeps_owner_until_uncertain_refund[source_stop-raise]
1.70s call     Tests/Chat/test_console_chat_start.py::test_initial_preparation_keeps_owner_until_uncertain_refund[source_stop-false]
1.70s call     Tests/Chat/test_console_chat_start.py::test_before_cutoff_withdrawal_preserves_latest_draft_and_refunds[edit]
1.61s call     Tests/Chat/test_console_chat_start.py::test_before_cutoff_withdrawal_preserves_latest_draft_and_refunds[clear]
1.60s call     Tests/Chat/test_console_chat_start.py::test_stop_during_started_status_write_does_not_dispatch_provider
1.58s call     Tests/Chat/test_console_chat_start.py::test_initial_preparation_keeps_owner_until_uncertain_refund[caller_cancel-false]
1.57s call     Tests/Chat/test_console_chat_start.py::test_native_project_decision_refuses_before_both_fences[1]
1.52s call     Tests/Chat/test_console_chat_start.py::test_refused_start_preserves_draft_without_dispatch_or_timer[unready]
1.45s setup    Tests/Chat/test_console_chat_start.py::test_durable_acceptance_consumes_exact_handoff_with_receipt[True]
1.44s call     Tests/Chat/test_console_chat_start.py::test_initial_preparation_keeps_owner_until_uncertain_refund[caller_cancel-raise]
163 passed in 127.97s (0:02:07)
