COMMAND ['/Users/macbook-dev/Documents/GitHub/tldw_chatbook/.venv/bin/python', '-m', 'ruff', 'check', '--select', 'E9,F63,F7,F82', 'Tests/Chat/test_console_chat_start.py', 'Tests/Chat/test_message_metadata.py', 'Tests/UI/test_console_prompt_queue.py', 'Tests/UI/test_console_runtime_ownership.py', 'tldw_chatbook/Chat/chat_persistence_service.py', 'tldw_chatbook/Chat/console_chat_controller.py', 'tldw_chatbook/Chat/console_chat_models.py', 'tldw_chatbook/Chat/console_chat_start.py', 'tldw_chatbook/Chat/console_chat_store.py', 'tldw_chatbook/Chat/message_metadata.py', 'tldw_chatbook/UI/Console_Modules/prompt_queue.py', 'tldw_chatbook/UI/Console_Modules/workspace.py', 'tldw_chatbook/Widgets/Console/console_session_switcher_modal.py']
All checks passed!
EXIT 0
COMMAND ['/Users/macbook-dev/Documents/GitHub/tldw_chatbook/.venv/bin/python', '-m', 'ruff', 'format', '--check', 'tldw_chatbook/Chat/console_chat_start.py', 'Tests/Chat/test_console_chat_start.py', 'Tests/DB/test_chachanotes_v74_agent_chat_starts_migration.py']
3 files already formatted
EXIT 0
COMMAND ['/Users/macbook-dev/Documents/GitHub/tldw_chatbook/.venv/bin/python', 'scripts/terminal_qualification/format_ratchet.py', 'verify', '--baseline', '.superpowers/sdd/2026-10-02-console-chat-destinations-and-starts/task2-format.json', '--head', 'HEAD']
EXIT 0
COMMAND ['/Users/macbook-dev/Documents/GitHub/tldw_chatbook/.venv/bin/python', 'scripts/terminal_qualification/format_ratchet.py', 'verify', '--baseline', '.superpowers/sdd/2026-10-02-console-chat-destinations-and-starts/task2-format-extra.json', '--head', 'HEAD']
EXIT 0
COMMAND ['/Users/macbook-dev/Documents/GitHub/tldw_chatbook/.venv/bin/python', 'scripts/terminal_qualification/format_ratchet.py', 'verify', '--baseline', '.superpowers/sdd/2026-10-02-console-chat-destinations-and-starts/task2-format-composer.json', '--head', 'HEAD']
EXIT 0
COMMAND ['/Users/macbook-dev/Documents/GitHub/tldw_chatbook/.venv/bin/python', 'scripts/terminal_qualification/format_ratchet.py', 'verify', '--baseline', '.superpowers/sdd/2026-10-02-console-chat-destinations-and-starts/task2-format-queue-ui.json', '--head', 'HEAD']
EXIT 0
COMMAND ['/Users/macbook-dev/Documents/GitHub/tldw_chatbook/.venv/bin/python', 'scripts/terminal_qualification/format_ratchet.py', 'verify', '--baseline', '.superpowers/sdd/2026-10-02-console-chat-destinations-and-starts/task2-fix1-format.json', '--head', 'HEAD']
EXIT 0
COMMAND ['/Users/macbook-dev/Documents/GitHub/tldw_chatbook/.venv/bin/python', 'scripts/terminal_qualification/format_ratchet.py', 'verify', '--baseline', '.superpowers/sdd/2026-10-02-console-chat-destinations-and-starts/task2-fix1-format-queue-ui.json', '--head', 'HEAD']
EXIT 0
COMMAND ['/Users/macbook-dev/Documents/GitHub/tldw_chatbook/.venv/bin/python', 'scripts/terminal_qualification/format_ratchet.py', 'verify', '--baseline', '.superpowers/sdd/2026-10-02-console-chat-destinations-and-starts/task2-fix1-format-switcher.json', '--head', 'HEAD']
EXIT 0
COMMAND ['/Users/macbook-dev/Documents/GitHub/tldw_chatbook/.venv/bin/python', 'scripts/terminal_qualification/format_ratchet.py', 'verify', '--baseline', '.superpowers/sdd/2026-10-02-console-chat-destinations-and-starts/task2-fix1-format-metadata-test.json', '--head', 'HEAD']
EXIT 0
COMMAND ['git', 'diff', '--check']
EXIT 0
